// Jest Snapshot v1, https://goo.gl/fbAQLP

exports[`Pokemon component renders Pokemon 1`] = `
<figure
  className="Pokemon"
>
  <img
    src="http://placeholder.png"
  />
</figure>
`;
