// Jest Snapshot v1, https://goo.gl/fbAQLP

exports[`Results component renders Results 1`] = `
<h1>
  Game over!
</h1>
`;
